Archive member included to satisfy reference by file (symbol)

c:/program files (x86)/atmel/studio/7.0/toolchain/avr8/avr8-gnu-toolchain/bin/../lib/gcc/avr/5.4.0/../../../../avr/lib/avr5\libm.a(divsf3.o)
                              HAL/Stepper.o (__divsf3)
c:/program files (x86)/atmel/studio/7.0/toolchain/avr8/avr8-gnu-toolchain/bin/../lib/gcc/avr/5.4.0/../../../../avr/lib/avr5\libm.a(divsf3x.o)
                              c:/program files (x86)/atmel/studio/7.0/toolchain/avr8/avr8-gnu-toolchain/bin/../lib/gcc/avr/5.4.0/../../../../avr/lib/avr5\libm.a(divsf3.o) (__divsf3x)
c:/program files (x86)/atmel/studio/7.0/toolchain/avr8/avr8-gnu-toolchain/bin/../lib/gcc/avr/5.4.0/../../../../avr/lib/avr5\libm.a(fixsfsi.o)
                              HAL/Stepper.o (__fixsfsi)
c:/program files (x86)/atmel/studio/7.0/toolchain/avr8/avr8-gnu-toolchain/bin/../lib/gcc/avr/5.4.0/../../../../avr/lib/avr5\libm.a(fixunssfsi.o)
                              APP/FixedPoint_program.o (__fixunssfsi)
c:/program files (x86)/atmel/studio/7.0/toolchain/avr8/avr8-gnu-toolchain/bin/../lib/gcc/avr/5.4.0/../../../../avr/lib/avr5\libm.a(floatsisf.o)
                              APP/FixedPoint_program.o (__floatunsisf)
c:/program files (x86)/atmel/studio/7.0/toolchain/avr8/avr8-gnu-toolchain/bin/../lib/gcc/avr/5.4.0/../../../../avr/lib/avr5\libm.a(fp_inf.o)
                              c:/program files (x86)/atmel/studio/7.0/toolchain/avr8/avr8-gnu-toolchain/bin/../lib/gcc/avr/5.4.0/../../../../avr/lib/avr5\libm.a(divsf3x.o) (__fp_inf)
c:/program files (x86)/atmel/studio/7.0/toolchain/avr8/avr8-gnu-toolchain/bin/../lib/gcc/avr/5.4.0/../../../../avr/lib/avr5\libm.a(fp_nan.o)
                              c:/program files (x86)/atmel/studio/7.0/toolchain/avr8/avr8-gnu-toolchain/bin/../lib/gcc/avr/5.4.0/../../../../avr/lib/avr5\libm.a(divsf3x.o) (__fp_nan)
c:/program files (x86)/atmel/studio/7.0/toolchain/avr8/avr8-gnu-toolchain/bin/../lib/gcc/avr/5.4.0/../../../../avr/lib/avr5\libm.a(fp_pscA.o)
                              c:/program files (x86)/atmel/studio/7.0/toolchain/avr8/avr8-gnu-toolchain/bin/../lib/gcc/avr/5.4.0/../../../../avr/lib/avr5\libm.a(divsf3x.o) (__fp_pscA)
c:/program files (x86)/atmel/studio/7.0/toolchain/avr8/avr8-gnu-toolchain/bin/../lib/gcc/avr/5.4.0/../../../../avr/lib/avr5\libm.a(fp_pscB.o)
                              c:/program files (x86)/atmel/studio/7.0/toolchain/avr8/avr8-gnu-toolchain/bin/../lib/gcc/avr/5.4.0/../../../../avr/lib/avr5\libm.a(divsf3x.o) (__fp_pscB)
c:/program files (x86)/atmel/studio/7.0/toolchain/avr8/avr8-gnu-toolchain/bin/../lib/gcc/avr/5.4.0/../../../../avr/lib/avr5\libm.a(fp_round.o)
                              c:/program files (x86)/atmel/studio/7.0/toolchain/avr8/avr8-gnu-toolchain/bin/../lib/gcc/avr/5.4.0/../../../../avr/lib/avr5\libm.a(divsf3.o) (__fp_round)
c:/program files (x86)/atmel/studio/7.0/toolchain/avr8/avr8-gnu-toolchain/bin/../lib/gcc/avr/5.4.0/../../../../avr/lib/avr5\libm.a(fp_split3.o)
                              c:/program files (x86)/atmel/studio/7.0/toolchain/avr8/avr8-gnu-toolchain/bin/../lib/gcc/avr/5.4.0/../../../../avr/lib/avr5\libm.a(divsf3x.o) (__fp_split3)
c:/program files (x86)/atmel/studio/7.0/toolchain/avr8/avr8-gnu-toolchain/bin/../lib/gcc/avr/5.4.0/../../../../avr/lib/avr5\libm.a(fp_zero.o)
                              c:/program files (x86)/atmel/studio/7.0/toolchain/avr8/avr8-gnu-toolchain/bin/../lib/gcc/avr/5.4.0/../../../../avr/lib/avr5\libm.a(fixunssfsi.o) (__fp_zero)
c:/program files (x86)/atmel/studio/7.0/toolchain/avr8/avr8-gnu-toolchain/bin/../lib/gcc/avr/5.4.0/../../../../avr/lib/avr5\libm.a(mulsf3.o)
                              APP/FixedPoint_program.o (__mulsf3)
c:/program files (x86)/atmel/studio/7.0/toolchain/avr8/avr8-gnu-toolchain/bin/../lib/gcc/avr/5.4.0/../../../../avr/lib/avr5\libm.a(mulsf3x.o)
                              c:/program files (x86)/atmel/studio/7.0/toolchain/avr8/avr8-gnu-toolchain/bin/../lib/gcc/avr/5.4.0/../../../../avr/lib/avr5\libm.a(mulsf3.o) (__mulsf3x)
c:/program files (x86)/atmel/studio/7.0/toolchain/avr8/avr8-gnu-toolchain/bin/../lib/gcc/avr/5.4.0/avr5\libgcc.a(_udivmodqi4.o)
                              HAL/LCD.o (__udivmodqi4)
c:/program files (x86)/atmel/studio/7.0/toolchain/avr8/avr8-gnu-toolchain/bin/../lib/gcc/avr/5.4.0/avr5\libgcc.a(_udivmodhi4.o)
                              SERVICE/Timers_Services.o (__udivmodhi4)
c:/program files (x86)/atmel/studio/7.0/toolchain/avr8/avr8-gnu-toolchain/bin/../lib/gcc/avr/5.4.0/avr5\libgcc.a(_udivmodsi4.o)
                              HAL/Sensors.o (__udivmodsi4)
c:/program files (x86)/atmel/studio/7.0/toolchain/avr8/avr8-gnu-toolchain/bin/../lib/gcc/avr/5.4.0/avr5\libgcc.a(_divmodsi4.o)
                              HAL/LCD.o (__divmodsi4)
c:/program files (x86)/atmel/studio/7.0/toolchain/avr8/avr8-gnu-toolchain/bin/../lib/gcc/avr/5.4.0/avr5\libgcc.a(_negsi2.o)
[...]
Memory Configuration

Name             Origin             Length             Attributes
text             0x00000000         0x00008000         xr
data             0x00800060         0x00000800         rw !x
eeprom           0x00810000         0x00000400         rw !x
fuse             0x00820000         0x00000002         rw !x
lock             0x00830000         0x00000400         rw !x
signature        0x00840000         0x00000400         rw !x
user_signatures  0x00850000         0x00000400         rw !x
*default*        0x00000000         0xffffffff

Linker script and memory map

LOAD C:/Program Files (x86)/Atmel/Studio/7.0/Packs/atmel/ATmega_DFP/1.7.374/gcc/dev/atmega32/avr5/crtatmega32.o
LOAD APP/Event_Based_program.o
LOAD APP/FixedPoint_program.o
LOAD APP/SINE_LUT_program.o
LOAD APP/Traffic_stack_based.o
LOAD HAL/KEYPAD.o
LOAD HAL/LCD.o
LOAD HAL/MOTOR.o
LOAD HAL/MOTOR_cfg.o
LOAD HAL/RGB.o
LOAD HAL/RGB_cfg.o
LOAD HAL/Sensors.o
LOAD HAL/Stepper.o
LOAD HAL/Ultrasonic.o
LOAD HAL/Ultrasonic_config.o
LOAD main.o
LOAD MCAL/ADC.o
LOAD MCAL/DIO.o
LOAD MCAL/DIO_cfg.o
LOAD MCAL/EXINT.o
LOAD MCAL/SPI.o
LOAD MCAL/NVM.o
LOAD MCAL/TIMER.o
LOAD MCAL/UART.o
LOAD MCAL/WDT.o
LOAD Segment.o
LOAD SERVICE/Timers_Services.o
LOAD SERVICE/UART_Services.o
LOAD SERVICE/UART_StackSrvice.o
LOAD src/ASF/mega/boards/stk600/rcx_x/init.o
START GROUP
LOAD c:/program files (x86)/atmel/studio/7.0/toolchain/avr8/avr8-gnu-toolchain/bin/../lib/gcc/avr/5.4.0/../../../../avr/lib/avr5\libm.a
END GROUP
START GROUP
LOAD c:/program files (x86)/atmel/studio/7.0/toolchain/avr8/avr8-gnu-toolchain/bin/../lib/gcc/avr/5.4.0/avr5\libgcc.a
LOAD c:/program files (x86)/atmel/studio/7.0/toolchain/avr8/avr8-gnu-toolchain/bin/../lib/gcc/avr/5.4.0/../../../../avr/lib/avr5\libm.a
LOAD c:/program files (x86)/atmel/studio/7.0/toolchain/avr8/avr8-gnu-toolchain/bin/../lib/gcc/avr/5.4.0/../../../../avr/lib/avr5\libc.a
LOAD C:/Program Files (x86)/Atmel/Studio/7.0/Packs/atmel/ATmega_DFP/1.7.374/gcc/dev/atmega32/avr5\libatmega32.a
END GROUP
                0x00000000                __TEXT_REGION_ORIGIN__ = DEFINED (__TEXT_REGION_ORIGIN__)?__TEXT_REGION_ORIGIN__:0x0
                [0x00800060]                __DATA_REGION_ORIGIN__ = DEFINED (__DATA_REGION_ORIGIN__)?__DATA_REGION_ORIGIN__:0x800060
                [0x00008000]                __TEXT_REGION_LENGTH__ = DEFINED (__TEXT_REGION_LENGTH__)?__TEXT_REGION_LENGTH__:0x20000
                [0x00000800]                __DATA_REGION_LENGTH__ = DEFINED (__DATA_REGION_LENGTH__)?__DATA_REGION_LENGTH__:0xffa0
                [0x00000400]                __EEPROM_REGION_LENGTH__ = DEFINED (__EEPROM_REGION_LENGTH__)?__EEPROM_REGION_LENGTH__:0x10000
                [0x00000002]                __FUSE_REGION_LENGTH__ = DEFINED (__FUSE_REGION_LENGTH__)?__FUSE_REGION_LENGTH__:0x400
                0x00000400                __LOCK_REGION_LENGTH__ = DEFINED (__LOCK_REGION_LENGTH__)?__LOCK_REGION_LENGTH__:0x400
                0x00000400                __SIGNATURE_REGION_LENGTH__ = DEFINED (__SIGNATURE_REGION_LENGTH__)?__SIGNATURE_REGION_LENGTH__:0x400
                0x00000400                __USER_SIGNATURE_REGION_LENGTH__ = DEFINED (__USER_SIGNATURE_REGION_LENGTH__)?__USER_SIGNATURE_REGION_LENGTH__:0x400

.hash
 *(.hash)

.dynsym
 *(.dynsym)

.dynstr
 *(.dynstr)

.gnu.version
 *(.gnu.version)

.gnu.version_d
 *(.gnu.version_d)

.gnu.version_r
 *(.gnu.version_r)

.rel.init
 *(.rel.init)

.rela.init
 *(.rela.init)

.rel.text
 *(.rel.text)
 *(.rel.text.*)
 *(.rel.gnu.linkonce.t*)

.rela.text
 *(.rela.text)
 *(.rela.text.*)
 *(.rela.gnu.linkonce.t*)

.rel.fini
 *(.rel.fini)

.rela.fini
 *(.rela.fini)

.rel.rodata
 *(.rel.rodata)
 *(.rel.rodata.*)
 *(.rel.gnu.linkonce.r*)

.rela.rodata
 *(.rela.rodata)
 *(.rela.rodata.*)
 *(.rela.gnu.linkonce.r*)

.rel.data
 *(.rel.data)
 *(.rel.data.*)
 *(.rel.gnu.linkonce.d*)

.rela.data
 *(.rela.data)
 *(.rela.data.*)
 *(.rela.gnu.linkonce.d*)

.rel.ctors
 *(.rel.ctors)

.rela.ctors
 *(.rela.ctors)

.rel.dtors
 *(.rel.dtors)

.rela.dtors
 *(.rela.dtors)

.rel.got
 *(.rel.got)

.rela.got
 *(.rela.got)

.rel.bss
 *(.rel.bss)

.rela.bss
 *(.rela.bss)

.rel.plt
 *(.rel.plt)

.rela.plt
 *(.rela.plt)

.text           0x00000000     0x100e
 *(.vectors)
 .vectors       0x00000000       0x54 C:/Program Files (x86)/Atmel/Studio/7.0/Packs/atmel/ATmega_DFP/1.7.374/gcc/dev/atmega32/avr5/crtatmega32.o
                0x00000000                __vector_default
                0x00000000                __vectors
 *(.vectors)
 *(.progmem.gcc*)
                0x00000054                . = ALIGN (0x2)
                0x00000054                __trampolines_start = .
 *(.trampolines)
 .trampolines   0x00000054        0x0 linker stubs
 *(.trampolines*)
                0x00000054                __trampolines_end = .
 *libprintf_flt.a:*(.progmem.data)
 *libc.a:*(.progmem.data)
 *(.progmem*)
                0x00000054                . = ALIGN (0x2)
 *(.jumptables)
 *(.jumptables*)
 *(.lowtext)
 *(.lowtext*)
                0x00000054                __ctors_start = .
 *(.ctors)
                0x00000054                __ctors_end = .
                0x00000054                __dtors_start = .
 *(.dtors)
                0x00000054                __dtors_end = .
 SORT(*)(.ctors)
 SORT(*)(.dtors)
 *(.init0)
 .init0         0x00000054        0x0 C:/Program Files (x86)/Atmel/Studio/7.0/Packs/atmel/ATmega_DFP/1.7.374/gcc/dev/atmega32/avr5/crtatmega32.o
                0x00000054                __init
 *(.init0)
 *(.init1)
 *(.init1)
 *(.init2)
 .init2         0x00000054        0xc C:/Program Files (x86)/Atmel/Studio/7.0/Packs/atmel/ATmega_DFP/1.7.374/gcc/dev/atmega32/avr5/crtatmega32.o
 *(.init2)
 *(.init3)
 *(.init3)
 *(.init4)
 .init4         0x00000060       0x16 c:/program files (x86)/atmel/studio/7.0/toolchain/avr8/avr8-gnu-toolchain/bin/../lib/gcc/avr/5.4.0/avr5\libgcc.a(_copy_data.o)
                0x00000060                __do_copy_data
 .init4         0x00000076       0x10 c:/program files (x86)/atmel/studio/7.0/toolchain/avr8/avr8-gnu-toolchain/bin/../lib/gcc/avr/5.4.0/avr5\libgcc.a(_clear_bss.o)
                0x00000076                __do_clear_bss
 *(.init4)
 *(.init5)
 *(.init5)
 *(.init6)
 *(.init6)
 *(.init7)
 *(.init7)
 *(.init8)
 *(.init8)
 *(.init9)
 .init9         0x00000086        0x4 C:/Program Files (x86)/Atmel/Studio/7.0/Packs/atmel/ATmega_DFP/1.7.374/gcc/dev/atmega32/avr5/crtatmega32.o
 *(.init9)
 *(.text)
 .text          0x0000008a        0x2 C:/Program Files (x86)/Atmel/Studio/7.0/Packs/atmel/ATmega_DFP/1.7.374/gcc/dev/atmega32/avr5/crtatmega32.o
                0x0000008a                __bad_interrupt
                0x0000008a                __vector_17
                0x0000008a                __vector_19
                0x0000008a                __vector_5
                0x0000008a                __vector_4
                0x0000008a                __vector_8
                0x0000008a                __vector_14
                0x0000008a                __vector_10
                0x0000008a                __vector_16
                0x0000008a                __vector_18
                0x0000008a                __vector_20
                0x0000008c                . = ALIGN (0x2)
 *(.text.*)
 .text.pushState
                0x0000008c       0x2a APP/Traffic_stack_based.o
 .text.popState
                0x000000b6       0x30 APP/Traffic_stack_based.o
 .text.red_State
                0x000000e6       0x30 APP/Traffic_stack_based.o
                0x000000e6                red_State
 .text.green_State
                0x00000116       0x30 APP/Traffic_stack_based.o
                0x00000116                green_State
 .text.yellow_State
                0x00000146       0x30 APP/Traffic_stack_based.o
                0x00000146                yellow_State
 .text.emergencyModeState
                0x00000176       0x40 APP/Traffic_stack_based.o
                0x00000176                emergencyModeState
 .text.Update_TimeCounter
                0x000001b6      0x126 APP/Traffic_stack_based.o
 .text.Traffic_Init
                0x000002dc       0x3c APP/Traffic_stack_based.o
                0x000002dc                Traffic_Init
 .text.Traffic_Runnable
                0x00000318        0xc APP/Traffic_stack_based.o
                0x00000318                Traffic_Runnable
 .text.WriteData
                0x00000324       0xa6 HAL/LCD.o
 .text.WriteInstruction
                0x000003ca       0xa6 HAL/LCD.o
                0x000003ca                WriteInstruction
 .text.LCD_Init
                0x00000470       0x34 HAL/LCD.o
                0x00000470                LCD_Init
 .text.LCD_SetCursor
                0x000004a4       0x46 HAL/LCD.o
                0x000004a4                LCD_SetCursor
 .text.LCD_ManageCursor
                0x000004ea       0x24 HAL/LCD.o
                0x000004ea                LCD_ManageCursor
 .text.LCD_WriteChar
                0x0000050e       0x18 HAL/LCD.o
                0x0000050e                LCD_WriteChar
 .text.LCD_WriteNumber
                0x00000526       0xf0 HAL/LCD.o
                0x00000526                LCD_WriteNumber
 .text.LCD_WriteString
                0x00000616       0x2a HAL/LCD.o
                0x00000616                LCD_WriteString
 .text.LCD_Clear
                0x00000640       0x1c HAL/LCD.o
                0x00000640                LCD_Clear
 .text.main     0x0000065c       0x12 main.o
                0x0000065c                main
 .text.DIO_Init
                0x0000066e      0x1d0 MCAL/DIO.o
                0x0000066e                DIO_Init
 .text.DIO_WritePin
                0x0000083e      0x10a MCAL/DIO.o
                0x0000083e                DIO_WritePin
 .text.DIO_TogglePin
                0x00000948       0x7a MCAL/DIO.o
                0x00000948                DIO_TogglePin
 .text.EX_INT_SetSenseControl
                0x000009c2       0xcc MCAL/EXINT.o
                0x000009c2                EX_INT_SetSenseControl
 .text.EX_INT_Enable
                0x00000a8e       0x24 MCAL/EXINT.o
                0x00000a8e                EX_INT_Enable
 .text.EX_INT_SetCall_Back
                0x00000ab2       0x2a MCAL/EXINT.o
                0x00000ab2                EX_INT_SetCall_Back
 .text.__vector_1
                0x00000adc       0x52 MCAL/EXINT.o
                0x00000adc                __vector_1
 .text.__vector_2
                0x00000b2e       0x52 MCAL/EXINT.o
                0x00000b2e                __vector_2
 .text.__vector_3
                0x00000b80       0x52 MCAL/EXINT.o
                0x00000b80                __vector_3
 .text.__vector_12
                0x00000bd2       0x52 MCAL/SPI.o
                0x00000bd2                __vector_12
 .text.__vector_11
                0x00000c24       0x52 MCAL/TIMER.o
                0x00000c24                __vector_11
 .text.Timer1_Init
                0x00000c76      0x134 MCAL/TIMER.o
                0x00000c76                Timer1_Init
 .text.Timer1_OCA_InterruptEnable
                0x00000daa        0x8 MCAL/TIMER.o
                0x00000daa                Timer1_OCA_InterruptEnable
 .text.Timer1_OCA_SetCallBack
                0x00000db2        0xa MCAL/TIMER.o
                0x00000db2                Timer1_OCA_SetCallBack
 .text.__vector_9
                0x00000dbc       0x52 MCAL/TIMER.o
                0x00000dbc                __vector_9
 .text.__vector_7
                0x00000e0e       0x52 MCAL/TIMER.o
                0x00000e0e                __vector_7
 .text.__vector_6
                0x00000e60       0x52 MCAL/TIMER.o
                0x00000e60                __vector_6
 .text.__vector_15
                0x00000eb2       0x52 MCAL/UART.o
                0x00000eb2                __vector_15
 .text.__vector_13
                0x00000f04       0x52 MCAL/UART.o
                0x00000f04                __vector_13
 .text.Timer1_SetInterruptTime_ms
                0x00000f56       0x38 SERVICE/Timers_Services.o
                0x00000f56                Timer1_SetInterruptTime_ms
 .text.libgcc.div
                0x00000f8e       0x44 c:/program files (x86)/atmel/studio/7.0/toolchain/avr8/avr8-gnu-toolchain/bin/../lib/gcc/avr/5.4.0/avr5\libgcc.a(_udivmodsi4.o)
                0x00000f8e                __udivmodsi4
 .text.libgcc.div
                0x00000fd2       0x28 c:/program files (x86)/atmel/studio/7.0/toolchain/avr8/avr8-gnu-toolchain/bin/../lib/gcc/avr/5.4.0/avr5\libgcc.a(_divmodsi4.o)
                0x00000fd2                __divmodsi4
 .text.libgcc.div
                0x00000ffa       0x10 c:/program files (x86)/atmel/studio/7.0/toolchain/avr8/avr8-gnu-toolchain/bin/../lib/gcc/avr/5.4.0/avr5\libgcc.a(_negsi2.o)
                0x00000ffa                __negsi2
                0x0000100a                . = ALIGN (0x2)
 *(.fini9)
 .fini9         0x0000100a        0x0 c:/program files (x86)/atmel/studio/7.0/toolchain/avr8/avr8-gnu-toolchain/bin/../lib/gcc/avr/5.4.0/avr5\libgcc.a(_exit.o)
                0x0000100a                _exit
                0x0000100a                exit
 *(.fini9)
 *(.fini8)
 *(.fini8)
 *(.fini7)
 *(.fini7)
 *(.fini6)
 *(.fini6)
 *(.fini5)
 *(.fini5)
 *(.fini4)
 *(.fini4)
 *(.fini3)
 *(.fini3)
 *(.fini2)
 *(.fini2)
 *(.fini1)
 *(.fini1)
 *(.fini0)
 .fini0         0x0000100a        0x4 c:/program files (x86)/atmel/studio/7.0/toolchain/avr8/avr8-gnu-toolchain/bin/../lib/gcc/avr/5.4.0/avr5\libgcc.a(_exit.o)
 *(.fini0)
                0x0000100e                _etext = .

.data           0x00800060       0x54 load address 0x0000100e
                0x00800060                PROVIDE (__data_start, .)
 *(.data)
 *(.data*)
 .data.top      0x00800060        0x2 APP/Traffic_stack_based.o
                0x00800060                top
 .data.lcd_cursorLine
                0x00800062        0x1 HAL/LCD.o
                0x00800062                lcd_cursorLine
 .data.lcd_cursorCell
                0x00800063        0x1 HAL/LCD.o
                0x00800063                lcd_cursorCell
 *(.gnu.linkonce.d*)
 *(.rodata)
 *(.rodata*)
 .rodata.str1.1
                0x00800064       0x26 APP/Traffic_stack_based.o
 .rodata.str1.1
                0x0080008a        0xa main.o
 .rodata.PinsStatusArray
                0x00800094       0x20 MCAL/DIO_cfg.o
                0x00800094                PinsStatusArray
 *(.gnu.linkonce.r*)
                0x008000b4                . = ALIGN (0x2)
                0x008000b4                _edata = .
                0x008000b4                PROVIDE (__data_end, .)

.bss            0x008000b4       0x2f
                0x008000b4                PROVIDE (__bss_start, .)
 *(.bss)
 *(.bss*)
 .bss.flag_Emergency_stert
                0x008000b4        0x1 APP/Traffic_stack_based.o
 .bss.flag_yellow_stert
                0x008000b5        0x1 APP/Traffic_stack_based.o
 .bss.flag_green_stert
                0x008000b6        0x1 APP/Traffic_stack_based.o
 .bss.flag_red_stert
                0x008000b7        0x1 APP/Traffic_stack_based.o
 .bss.time_counter
                0x008000b8        0x1 APP/Traffic_stack_based.o
 .bss.NT2_fptr  0x008000b9        0x2 MCAL/EXINT.o
 .bss.NT1_fptr  0x008000bb        0x2 MCAL/EXINT.o
 .bss.NTO_fptr  0x008000bd        0x2 MCAL/EXINT.o
 .bss.SPI_fptr  0x008000bf        0x2 MCAL/SPI.o
 .bss.Timer1_ICU_Fptr
                0x008000c1        0x2 MCAL/TIMER.o
 .bss.Timer1_OCA_Fptr
                0x008000c3        0x2 MCAL/TIMER.o
 .bss.Timer1_OVF_Fptr
                0x008000c5        0x2 MCAL/TIMER.o
 .bss.Timer0_OVF_Fptr
                0x008000c7        0x2 MCAL/TIMER.o
 .bss.UART_RX_Fptr
                0x008000c9        0x2 MCAL/UART.o
 .bss.UART_TX_Fptr
                0x008000cb        0x2 MCAL/UART.o
 *(COMMON)
 COMMON         0x008000cd       0x16 APP/Traffic_stack_based.o
                0x008000cd                currentState
                0x008000cf                stateStack
                0x008000e3                PROVIDE (__bss_end, .)
                0x0000100e                __data_load_start = LOADADDR (.data)
                0x00001062                __data_load_end = (__data_load_start + SIZEOF (.data))

.noinit         0x008000e3        0x0
                [!provide]                PROVIDE (__noinit_start, .)
 *(.noinit*)
                [!provide]                PROVIDE (__noinit_end, .)
                0x008000e3                _end = .
                [!provide]                PROVIDE (__heap_start, .)

.eeprom         0x00810000        0x0
 *(.eeprom*)
                0x00810000                __eeprom_end = .

.fuse
 *(.fuse)
 *(.lfuse)
 *(.hfuse)
 *(.efuse)

.lock
 *(.lock*)

.signature
 *(.signature*)

.user_signatures
 *(.user_signatures*)

.stab
 *(.stab)

.stabstr
 *(.stabstr)

.stab.excl
 *(.stab.excl)

.stab.exclstr
 *(.stab.exclstr)

.stab.index
 *(.stab.index)

.stab.indexstr
 *(.stab.indexstr)

.comment        0x00000000       0x30
 *(.comment)
 .comment       0x00000000       0x30 APP/Traffic_stack_based.o
                                 0x31 (size before relaxing)
 .comment       0x00000030       0x31 HAL/LCD.o
 .comment       0x00000030       0x31 main.o
 .comment       0x00000030       0x31 MCAL/DIO.o
 .comment       0x00000030       0x31 MCAL/DIO_cfg.o
 .comment       0x00000030       0x31 MCAL/EXINT.o
 .comment       0x00000030       0x31 MCAL/SPI.o
 .comment       0x00000030       0x31 MCAL/TIMER.o
 .comment       0x00000030       0x31 MCAL/UART.o
 .comment       0x00000030       0x31 SERVICE/Timers_Services.o

.note.gnu.avr.deviceinfo
                0x00000000       0x3c
 .note.gnu.avr.deviceinfo
                0x00000000       0x3c C:/Program Files (x86)/Atmel/Studio/7.0/Packs/atmel/ATmega_DFP/1.7.374/gcc/dev/atmega32/avr5/crtatmega32.o

.note.gnu.build-id
 *(.note.gnu.build-id)

.debug
 *(.debug)

.line
 *(.line)

.debug_srcinfo
 *(.debug_srcinfo)

.debug_sfnames
 *(.debug_sfnames)

.debug_aranges  0x00000000      0x3f0
 *(.debug_aranges)
 .debug_aranges
                0x00000000       0x60 APP/Traffic_stack_based.o
 .debug_aranges
                0x00000060       0x90 HAL/LCD.o
 .debug_aranges
                0x000000f0       0x20 main.o
 .debug_aranges
                0x00000110       0x58 MCAL/DIO.o
 .debug_aranges
                0x00000168       0x18 MCAL/DIO_cfg.o
 .debug_aranges
                0x00000180       0x50 MCAL/EXINT.o
 .debug_aranges
                0x000001d0       0x50 MCAL/SPI.o
 .debug_aranges
                0x00000220       0xe8 MCAL/TIMER.o
 .debug_aranges
                0x00000308       0x88 MCAL/UART.o
 .debug_aranges
                0x00000390       0x60 SERVICE/Timers_Services.o

.debug_pubnames
 *(.debug_pubnames)

.debug_info     0x00000000     0x3310
 *(.debug_info .gnu.linkonce.wi.*)
 .debug_info    0x00000000      0x4e6 C:/Program Files (x86)/Atmel/Studio/7.0/Packs/atmel/ATmega_DFP/1.7.374/gcc/dev/atmega32/avr5/crtatmega32.o
 .debug_info    0x000004e6      0x828 APP/Traffic_stack_based.o
 .debug_info    0x00000d0e      0xd8b HAL/LCD.o
 .debug_info    0x00001a99      0x106 main.o
 .debug_info    0x00001b9f      0x44f MCAL/DIO.o
 .debug_info    0x00001fee      0x17c MCAL/DIO_cfg.o
 .debug_info    0x0000216a      0x1f4 MCAL/EXINT.o
 .debug_info    0x0000235e      0x18c MCAL/SPI.o
 .debug_info    0x000024ea      0x599 MCAL/TIMER.o
 .debug_info    0x00002a83      0x238 MCAL/UART.o
 .debug_info    0x00002cbb      0x655 SERVICE/Timers_Services.o

.debug_abbrev   0x00000000     0x1099
 *(.debug_abbrev)
 .debug_abbrev  0x00000000      0x4a3 C:/Program Files (x86)/Atmel/Studio/7.0/Packs/atmel/ATmega_DFP/1.7.374/gcc/dev/atmega32/avr5/crtatmega32.o
 .debug_abbrev  0x000004a3      0x185 APP/Traffic_stack_based.o
 .debug_abbrev  0x00000628      0x260 HAL/LCD.o
 .debug_abbrev  0x00000888       0x82 main.o
 .debug_abbrev  0x0000090a      0x1e7 MCAL/DIO.o
 .debug_abbrev  0x00000af1       0x78 MCAL/DIO_cfg.o
 .debug_abbrev  0x00000b69       0xd2 MCAL/EXINT.o
 .debug_abbrev  0x00000c3b      0x113 MCAL/SPI.o
 .debug_abbrev  0x00000d4e       0xf3 MCAL/TIMER.o
 .debug_abbrev  0x00000e41       0xf9 MCAL/UART.o
 .debug_abbrev  0x00000f3a      0x15f SERVICE/Timers_Services.o

.debug_line     0x00000000     0x2022
 *(.debug_line .debug_line.* .debug_line_end)
 .debug_line    0x00000000      0x116 C:/Program Files (x86)/Atmel/Studio/7.0/Packs/atmel/ATmega_DFP/1.7.374/gcc/dev/atmega32/avr5/crtatmega32.o
 .debug_line    0x00000116      0x3aa APP/Traffic_stack_based.o
 .debug_line    0x000004c0      0x6d3 HAL/LCD.o
 .debug_line    0x00000b93      0x32c main.o
 .debug_line    0x00000ebf      0x3d7 MCAL/DIO.o
 .debug_line    0x00001296       0x70 MCAL/DIO_cfg.o
 .debug_line    0x00001306      0x25c MCAL/EXINT.o
 .debug_line    0x00001562      0x12e MCAL/SPI.o
 .debug_line    0x00001690      0x4c3 MCAL/TIMER.o
 .debug_line    0x00001b53      0x1f6 MCAL/UART.o
 .debug_line    0x00001d49      0x2d9 SERVICE/Timers_Services.o

.debug_frame    0x00000000      0xb9c
 *(.debug_frame)
 .debug_frame   0x00000000       0xa4 APP/Traffic_stack_based.o
 .debug_frame   0x000000a4      0x248 HAL/LCD.o
 .debug_frame   0x000002ec       0x24 main.o
 .debug_frame   0x00000310       0x94 MCAL/DIO.o
 .debug_frame   0x000003a4      0x15c MCAL/EXINT.o
 .debug_frame   0x00000500       0xcc MCAL/SPI.o
 .debug_frame   0x000005cc      0x31c MCAL/TIMER.o
 .debug_frame   0x000008e8      0x184 MCAL/UART.o
 .debug_frame   0x00000a6c      0x130 SERVICE/Timers_Services.o

.debug_str      0x00000000     0x6259
 *(.debug_str)
 .debug_str     0x00000000      0x196 C:/Program Files (x86)/Atmel/Studio/7.0/Packs/atmel/ATmega_DFP/1.7.374/gcc/dev/atmega32/avr5/crtatmega32.o
 .debug_str     0x00000196     0x428c APP/Traffic_stack_based.o
                               0x433a (size before relaxing)
 .debug_str     0x00004422     0x120c HAL/LCD.o
                               0x4174 (size before relaxing)
 .debug_str     0x0000562e      0x2a5 main.o
                               0x5408 (size before relaxing)
 .debug_str     0x000058d3       0xf2 MCAL/DIO.o
                               0x40b3 (size before relaxing)
 .debug_str     0x000059c5       0x12 MCAL/DIO_cfg.o
                               0x3fe2 (size before relaxing)
 .debug_str     0x000059d7       0x71 MCAL/EXINT.o
                               0x3fd2 (size before relaxing)
 .debug_str     0x00005a48       0x9c MCAL/SPI.o
                               0x3f64 (size before relaxing)
 .debug_str     0x00005ae4      0x5aa MCAL/TIMER.o
                               0x44a7 (size before relaxing)
 .debug_str     0x0000608e      0x129 MCAL/UART.o
                               0x3ff8 (size before relaxing)
 .debug_str     0x000061b7       0xa2 SERVICE/Timers_Services.o
                               0x4379 (size before relaxing)

.debug_loc      0x00000000     0x27e0
 *(.debug_loc)
 .debug_loc     0x00000000      0xcfb HAL/LCD.o
 .debug_loc     0x00000cfb      0x968 MCAL/DIO.o
 .debug_loc     0x00001663      0x43b MCAL/EXINT.o
 .debug_loc     0x00001a9e       0xea MCAL/SPI.o
 .debug_loc     0x00001b88      0x5d0 MCAL/TIMER.o
 .debug_loc     0x00002158      0x1be MCAL/UART.o
 .debug_loc     0x00002316      0x4ca SERVICE/Timers_Services.o

.debug_macinfo
 *(.debug_macinfo)

.debug_weaknames
 *(.debug_weaknames)

.debug_funcnames
 *(.debug_funcnames)

.debug_typenames
 *(.debug_typenames)

.debug_varnames
 *(.debug_varnames)

.debug_pubtypes
 *(.debug_pubtypes)

.debug_ranges   0x00000000      0x360
 *(.debug_ranges)
 .debug_ranges  0x00000000       0x50 APP/Traffic_stack_based.o
 .debug_ranges  0x00000050       0x80 HAL/LCD.o
 .debug_ranges  0x000000d0       0x10 main.o
 .debug_ranges  0x000000e0       0x60 MCAL/DIO.o
 .debug_ranges  0x00000140       0x40 MCAL/EXINT.o
 .debug_ranges  0x00000180       0x40 MCAL/SPI.o
 .debug_ranges  0x000001c0       0xd8 MCAL/TIMER.o
 .debug_ranges  0x00000298       0x78 MCAL/UART.o
 .debug_ranges  0x00000310       0x50 SERVICE/Timers_Services.o

.debug_macro    0x00000000      0x496
 *(.debug_macro)
 .debug_macro   0x00000000       0x6c APP/Traffic_stack_based.o
 .debug_macro   0x0000006c       0x34 APP/Traffic_stack_based.o
 .debug_macro   0x000000a0       0x80 HAL/LCD.o
 .debug_macro   0x00000120       0x10 HAL/LCD.o
 .debug_macro   0x00000130      0x107 main.o
 .debug_macro   0x00000237       0x34 main.o
 .debug_macro   0x0000026b       0x22 main.o
 .debug_macro   0x0000028d       0x2e main.o
 .debug_macro   0x000002bb       0x3a main.o
 .debug_macro   0x000002f5       0x40 MCAL/DIO.o
 .debug_macro   0x00000335       0x36 MCAL/DIO_cfg.o
 .debug_macro   0x0000036b       0x36 MCAL/EXINT.o
 .debug_macro   0x000003a1       0x36 MCAL/SPI.o
 .debug_macro   0x000003d7       0x36 MCAL/TIMER.o
 .debug_macro   0x0000040d       0x36 MCAL/UART.o
 .debug_macro   0x00000443       0x53 SERVICE/Timers_Services.o
OUTPUT(Tasks_Tricks.elf elf32-avr)
LOAD linker stubs
